a64l.c
abs.c
acosf.c
acosh.c
acoshf.c
asctime.c
asctime_r.c
asinf.c
asinhf.c
atan2f.c
atanf.c
atanhf.c
atof.c
atoi.c
atol.c
bcmp.c
bcopy.c
bsearch.c
bzero.c
calloc.c
cbrtf.c
ceilf.c
clock.c
clock_getres.c
clock_gettime.c
clock_settime.c
copysignf.c
cosf.c
coshf.c
crypt.c
ctermid.c
ctime.c
ctime_r.c
drand48.c
erff.c
exit.c
expf.c
expm1f.c
fabsf.c
fclose.c
fdimf.c
fgetc.c
fgetpos.c
fgets.c
floorf.c
fmaxf.c
fminf.c
fmodf.c
fopen.c
fprintf.c
fputc.c
fputs.c
fread.c
frexpf.c
fsetpos.c
ftell.c
fwrite.c
getenv.c
getopt.c
gets.c
getw.c
gmtime.c
gmtime_r.c
hypotf.c
ilogbf.c
index.c
isalnum.c
isalpha.c
isascii.c
isblank.c
iscntrl.c
isdigit.c
isgraph.c
islower.c
isprint.c
ispunct.c
isspace.c
isupper.c
isxdigit.c
j0f.c
j1f.c
jnf.c
l64a.c
labs.c
ldexpf.c
lgammaf.c
lgammaf_r.c
libload.c
libopen.c
libopenfd.c
localtim.c
localtim_r.c
log10f.c
log2f.c
logbf.c
logf.c
lrintf.c
lroundf.c
lsearch.c
ltoa.c
ltostr.c
malloc.c
memccpy.c
memchr.c
memcmp.c
memcpy.c
memmove.c
memset.c
mkstemps.c
modff.c
nanf.c
nanosleep.c
nearbyintf.c
nextafterf.c
pause.c
perror.c
popen.c
powf.c
printf.c
putchar.c
putenv.c
putw.c
qsort.c
rand.c
realloc.c
remainderf.c
remquof.c
rewind.c
rindex.c
rintf.c
roundf.c
scalbnf.c
scanblnf.c
setbuffer.c
setenv.c
setlocale.c
setvbuf.c
sprintf.c
strcasecmp.c
strcasestr.c
strcmp.c
strcpy.c
stricmp.c
strlcpy.c
strlen.c
strncasecmp.c
strncat.c
strncmp.c
strncpy.c
strnicmp.c
strsep.c
strspn.c
strtod.c
strtol.c
strxfrm.c
swab.c
tgammaf.c
tmpfile.c
tmpnam.c
tolower.c
toupper.c
truncf.c
tzset.c
ungetc.c
utimes.c
vfprintf.c
vfscanf.c
vprintf.c
vscanf.c
vsscanf.c
wait.c
xitoa.c
__cos.c
__cosdf.c
__expo2.c
__expo2f.c
__float_bits.c
__log1p.c
__log1pf.c
__sin.c
__sindf.c
__tan.c
__tandf.c
